// Jest Snapshot v1, https://goo.gl/fbAQLP

exports[`AlertErrors dismiss alert 1`] = `
<div role="alert" class="alert alert-danger alert-dismissible"><button type="button" aria-label="Close" class="close"><span aria-hidden="true">×</span></button>
  <div>Custom message</div>
  <ul>
    <li>Username is required</li>
    <li>Password must be at least 6 characters</li>
    <li>Password does not match</li>
  </ul>
</div>
`;

exports[`AlertErrors render alert with a list of errors 1`] = `
<div role="alert" class="alert alert-danger alert-dismissible"><button type="button" aria-label="Close" class="close"><span aria-hidden="true">×</span></button>
  <div>Custom message</div>
  <ul>
    <li>Username is required</li>
    <li>Password must be at least 6 characters</li>
    <li>Password does not match</li>
  </ul>
</div>
`;
